------------------------------------------------------------
Timing Analyzer Summary
------------------------------------------------------------

Type  : Setup 'cpld_clk'
Slack : -5.244
TNS   : -43.719

Type  : Setup 'sync_freq_divider:freq_div_1|t_flipflop:tff12|out'
Slack : -2.041
TNS   : -16.211

Type  : Hold 'cpld_clk'
Slack : -1.411
TNS   : -1.411

Type  : Hold 'sync_freq_divider:freq_div_1|t_flipflop:tff12|out'
Slack : 1.394
TNS   : 0.000

Type  : Recovery 'cpld_clk'
Slack : -4.925
TNS   : -53.987

Type  : Recovery 'sync_freq_divider:freq_div_1|t_flipflop:tff12|out'
Slack : -2.116
TNS   : -16.928

Type  : Recovery 'game_state_code[0]'
Slack : -1.021
TNS   : -3.003

Type  : Removal 'game_state_code[0]'
Slack : -3.706
TNS   : -63.872

Type  : Removal 'sync_freq_divider:freq_div_1|t_flipflop:tff12|out'
Slack : 2.062
TNS   : 0.000

Type  : Removal 'cpld_clk'
Slack : 3.165
TNS   : 0.000

Type  : Minimum Pulse Width 'cpld_clk'
Slack : -2.289
TNS   : -2.289

Type  : Minimum Pulse Width 'game_state_code[0]'
Slack : -2.289
TNS   : -2.289

Type  : Minimum Pulse Width 'sync_freq_divider:freq_div_1|t_flipflop:tff12|out'
Slack : 0.234
TNS   : 0.000

------------------------------------------------------------
